// Jest Snapshot v1, https://goo.gl/fbAQLP

exports[`video player correctly renders after relaunch 1`] = `
<videoPlayer
  data={
    Array [
      Object {
        "name": "Macbeth",
        "preview": "https://upload.wikimedia.org/wikipedia/commons/transcoded/b/b3/Big_Buck_Bunny_Trailer_400p.ogv/Big_Buck_Bunny_Trailer_400p.ogv.360p.webm",
        "src": "img/macbeth.jpg",
      },
    ]
  }
  isPlaying={false}
/>
`;
